- time: 0.1
  actions:
    - ""
- time: 0.2
  actions: 
    - ""
- time: 0.3 
  actions:
    - ""
- time: 0.4 
  actions:
    - ""
- time: 0.5 
  actions:
    - "led_g__0__0.2"
    - "led_r__0__0.2"
    - "led_y__1__0.2"
    - "led_b__0__0.2"
- time: 0.6
  actions:
    - ""
- time: 0.7
  actions:
    - "led_g__0__0.2"
    - "led_r__1__0.2"
    - "led_y__0__0.2"
    - "led_b__0__0.2"
- time: 0.8
  actions:
    - ""
- time: 0.9
  actions:
    - "led_g__1__0.2"
    - "led_r__0__0.2"
    - "led_y__0__0.2"
    - "led_b__0__0.2"
- time: 1.0
  actions:
    - ""
- time: 1.1
  actions:
    - "led_g__0__0.2"
    - "led_r__0__0.2"
    - "led_y__0__0.2"
    - "led_b__1__0.2"
