- time: 0.1
  actions:
    - ""
- time: 0.2
  actions: 
    - ""
- time: 0.3 
  actions:
    - ""
- time: 0.4 
  actions:
    - ""
- time: 0.5 
  actions:
    - ""
- time: 0.6
  actions:
    - "motor_l__70__0.2"
    - "motor_r__70__0.2"
- time: 0.7
  actions:
    - ""
- time: 0.8
  actions:
    - ""
- time: 0.9
  actions:
    - "motor_l__70__0.2"
    - "motor_r__70__0.2"
- time: 1.0
  actions:
    - ""
- time: 1.1
  actions:
    - ""
