- time: 0.1
  actions:
    - ""
- time: 0.2
  actions: 
    - "motor_l__80__0.1"
    - "motor_r__80__0.1"
- time: 0.3 
  actions:
    - "motor_l__80__0.1"
    - "motor_r__80__0.1"
- time: 0.4 
  actions:
    - "motor_l__80__0.1"
    - "motor_r__80__0.1"
- time: 0.5 
  actions:
    - "motor_l__80__0.1"
    - "motor_r__80__0.1"
- time: 0.6
  actions:
    - "motor_l__80__0.1"
    - "motor_r__80__0.1"
- time: 0.7
  actions:
    - "motor_l__80__0.1"
    - "motor_r__80__0.1"
- time: 0.8
  actions:
    - "motor_l__80__0.1"
    - "motor_r__80__0.1"
- time: 0.9
  actions:
    - "motor_l__80__0.1"
    - "motor_r__80__0.1"
- time: 1.0
  actions:
    - "motor_l__0__1.5"
    - "motor_r__0__1.5"
- time: 1.1
  actions:
    - ""
- time: 1.2
  actions:
    - ""
- time: 1.3
  actions:
    - ""
