- time: 0.1
  actions:
    - ""
- time: 0.2
  actions: 
    - "led_y__1__1.0"
- time: 0.3 
  actions:
    - ""
- time: 0.4 
  actions:
    - ""
- time: 0.5 
  actions:
    - ""
- time: 0.6
  actions:
    - ""
- time: 0.7
  actions:
    - ""
- time: 0.8
  actions:
    - ""
- time: 0.9
  actions:
    - ""
- time: 1.0
  actions:
    - ""
- time: 1.1
  actions:
    - ""
