- time: 0.01
  actions:
    - ""
- time: 0.02
  actions:
    - ""
- time: 0.03
  actions:
    - ""
- time: 0.04
  actions:
    - ""
- time: 0.05
  actions:
    - ""
- time: 0.06
  actions:
    - ""
- time: 0.07
  actions:
    - ""
- time: 0.08
  actions:
    - ""
- time: 0.09
  actions:
    - ""
- time: 0.10
  actions:
    - ""
- time: 0.11
  actions:
    - ""
- time: 0.12
  actions:
    - ""
- time: 0.13
  actions:
    - ""
- time: 0.14
  actions:
    - ""
- time: 0.15
  actions:
    - ""
- time: 0.16
  actions:
    - ""
- time: 0.17
  actions:
    - ""
- time: 0.18
  actions:
    - ""
- time: 0.19
  actions:
    - ""
- time: 0.20
  actions:
    - ""
- time: 0.21
  actions:
    - ""
- time: 0.22
  actions:
    - ""
- time: 0.23
  actions:
    - ""
- time: 0.24
  actions:
    - ""
- time: 0.25
  actions:
    - ""
- time: 0.26
  actions:
    - ""
- time: 0.27
  actions:
    - ""
- time: 0.28
  actions:
    - ""
- time: 0.29
  actions:
    - ""
- time: 0.30
  actions:
    - ""
- time: 0.31
  actions:
    - ""
- time: 0.32
  actions:
    - ""
- time: 0.33
  actions:
    - ""
- time: 0.34
  actions:
    - ""
- time: 0.35
  actions:
    - ""
- time: 0.36
  actions:
    - ""
- time: 0.37
  actions:
    - ""
- time: 0.38
  actions:
    - ""
- time: 0.39
  actions:
    - ""
- time: 0.40
  actions:
    - ""
- time: 0.41
  actions:
    - ""
- time: 0.42
  actions:
    - ""
- time: 0.43
  actions:
    - ""
- time: 0.44
  actions:
    - ""
- time: 0.45
  actions:
    - ""
- time: 0.46
  actions:
    - ""
- time: 0.47
  actions:
    - ""
- time: 0.48
  actions:
    - ""
- time: 0.49
  actions:
    - ""
- time: 0.50
  actions:
    - ""
- time: 0.51
  actions:
    - ""
- time: 0.52
  actions:
    - ""
- time: 0.53
  actions:
    - ""
- time: 0.54
  actions:
    - ""
- time: 0.55
  actions:
    - ""
- time: 0.56
  actions:
    - ""
- time: 0.57
  actions:
    - ""
- time: 0.58
  actions:
    - ""
- time: 0.59
  actions:
    - ""
- time: 0.60
  actions:
    - ""
- time: 0.61
  actions:
    - ""
- time: 0.62
  actions:
    - ""
- time: 0.63
  actions:
    - ""
- time: 0.64
  actions:
    - ""
- time: 0.65
  actions:
    - ""
- time: 0.66
  actions:
    - ""
- time: 0.67
  actions:
    - ""
- time: 0.68
  actions:
    - ""
- time: 0.69
  actions:
    - ""
- time: 0.70
  actions:
    - ""
- time: 0.71
  actions:
    - ""
- time: 0.72
  actions:
    - ""
- time: 0.73
  actions:
    - ""
- time: 0.74
  actions:
    - ""
- time: 0.75
  actions:
    - ""
- time: 0.76
  actions:
    - ""
- time: 0.77
  actions:
    - ""
- time: 0.78
  actions:
    - ""
- time: 0.79
  actions:
    - ""
- time: 0.80
  actions:
    - ""
- time: 0.81
  actions:
    - ""
- time: 0.82
  actions:
    - ""
- time: 0.83
  actions:
    - ""
- time: 0.84
  actions:
    - ""
- time: 0.85
  actions:
    - ""
- time: 0.86
  actions:
    - ""
- time: 0.87
  actions:
    - ""
- time: 0.88
  actions:
    - ""
- time: 0.89
  actions:
    - ""
- time: 0.90
  actions:
    - ""
- time: 0.91
  actions:
    - ""
- time: 0.92
  actions:
    - ""
- time: 0.93
  actions:
    - ""
- time: 0.94
  actions:
    - ""
- time: 0.95
  actions:
    - ""
- time: 0.96
  actions:
    - ""
- time: 0.97
  actions:
    - ""
- time: 0.98
  actions:
    - ""
- time: 0.99
  actions:
    - ""
- time: 1.0
  actions:
    - ""
- time: 1.01
  actions:
    - ""
- time: 1.02
  actions:
    - ""
- time: 1.03
  actions:
    - ""
- time: 1.04
  actions:
    - ""
- time: 1.05
  actions:
    - ""
- time: 1.06
  actions:
    - ""
- time: 1.07
  actions:
    - ""
- time: 1.08
  actions:
    - ""
- time: 1.09
  actions:
    - ""
- time: 1.10
  actions:
    - ""
- time: 1.11
  actions:
    - ""
- time: 1.12
  actions:
    - ""
- time: 1.13
  actions:
    - ""
- time: 1.14
  actions:
    - ""
- time: 1.15
  actions:
    - ""
- time: 1.16
  actions:
    - ""
- time: 1.17
  actions:
    - ""
- time: 1.18
  actions:
    - ""
- time: 1.19
  actions:
    - ""
- time: 1.20
  actions:
    - ""
- time: 1.21
  actions:
    - ""
- time: 1.22
  actions:
    - ""
- time: 1.23
  actions:
    - ""
- time: 1.24
  actions:
    - ""
- time: 1.25
  actions:
    - ""
- time: 1.26
  actions:
    - ""
- time: 1.27
  actions:
    - ""
- time: 1.28
  actions:
    - ""
- time: 1.29
  actions:
    - ""
- time: 1.30
  actions:
    - ""
- time: 1.31
  actions:
    - ""
- time: 1.32
  actions:
    - ""
- time: 1.33
  actions:
    - ""
- time: 1.34
  actions:
    - ""
- time: 1.35
  actions:
    - ""
- time: 1.36
  actions:
    - ""
- time: 1.37
  actions:
    - ""
- time: 1.38
  actions:
    - ""
- time: 1.39
  actions:
    - ""
- time: 1.40
  actions:
    - ""
- time: 1.41
  actions:
    - ""
- time: 1.42
  actions:
    - ""
- time: 1.43
  actions:
    - ""
- time: 1.44
  actions:
    - ""
- time: 1.45
  actions:
    - ""
- time: 1.46
  actions:
    - ""
- time: 1.47
  actions:
    - ""
- time: 1.48
  actions:
    - ""
- time: 1.49
  actions:
    - ""
- time: 1.50
  actions:
    - ""
- time: 1.51
  actions:
    - ""
- time: 1.52
  actions:
    - ""
- time: 1.53
  actions:
    - ""
- time: 1.54
  actions:
    - ""
- time: 1.55
  actions:
    - ""
- time: 1.56
  actions:
    - ""
- time: 1.57
  actions:
    - ""
- time: 1.58
  actions:
    - ""
- time: 1.59
  actions:
    - ""
- time: 1.60
  actions:
    - ""
- time: 1.61
  actions:
    - ""
- time: 1.62
  actions:
    - ""
- time: 1.63
  actions:
    - ""
- time: 1.64
  actions:
    - ""
- time: 1.65
  actions:
    - ""
- time: 1.66
  actions:
    - ""
- time: 1.67
  actions:
    - ""
- time: 1.68
  actions:
    - ""
- time: 1.69
  actions:
    - ""
- time: 1.70
  actions:
    - ""
- time: 1.71
  actions:
    - ""
- time: 1.72
  actions:
    - ""
- time: 1.73
  actions:
    - ""
- time: 1.74
  actions:
    - ""
- time: 1.75
  actions:
    - ""
- time: 1.76
  actions:
    - ""
- time: 1.77
  actions:
    - ""
- time: 1.78
  actions:
    - ""
- time: 1.79
  actions:
    - ""
- time: 1.80
  actions:
    - ""
- time: 1.81
  actions:
    - ""
- time: 1.82
  actions:
    - ""
- time: 1.83
  actions:
    - ""
- time: 1.84
  actions:
    - ""
- time: 1.85
  actions:
    - ""
- time: 1.86
  actions:
    - ""
- time: 1.87
  actions:
    - ""
- time: 1.88
  actions:
    - ""
- time: 1.89
  actions:
    - ""
- time: 1.90
  actions:
    - ""
- time: 1.91
  actions:
    - ""
- time: 1.92
  actions:
    - ""
- time: 1.93
  actions:
    - ""
- time: 1.94
  actions:
    - ""
- time: 1.95
  actions:
    - ""
- time: 1.96
  actions:
    - ""
- time: 1.97
  actions:
    - ""
- time: 1.98
  actions:
    - ""
- time: 1.99
  actions:
    - ""
- time: 2.0
  actions:
    - ""
- time: 2.01
  actions:
    - ""
- time: 2.02
  actions:
    - ""
- time: 2.03
  actions:
    - ""
- time: 2.04
  actions:
    - ""
- time: 2.05
  actions:
    - ""
- time: 2.06
  actions:
    - ""
- time: 2.07
  actions:
    - ""
- time: 2.08
  actions:
    - ""
- time: 2.09
  actions:
    - ""
- time: 2.10
  actions:
    - ""
- time: 2.11
  actions:
    - ""
- time: 2.12
  actions:
    - ""
- time: 2.13
  actions:
    - ""
- time: 2.14
  actions:
    - ""
- time: 2.15
  actions:
    - ""
- time: 2.16
  actions:
    - ""
- time: 2.17
  actions:
    - ""
- time: 2.18
  actions:
    - ""
- time: 2.19
  actions:
    - ""
- time: 2.20
  actions:
    - ""
- time: 2.21
  actions:
    - ""
- time: 2.22
  actions:
    - ""
- time: 2.23
  actions:
    - ""
- time: 2.24
  actions:
    - ""
- time: 2.25
  actions:
    - ""
- time: 2.26
  actions:
    - ""
- time: 2.27
  actions:
    - ""
- time: 2.28
  actions:
    - ""
- time: 2.29
  actions:
    - ""
- time: 2.30
  actions:
    - ""
- time: 2.31
  actions:
    - ""
- time: 2.32
  actions:
    - ""
- time: 2.33
  actions:
    - ""
- time: 2.34
  actions:
    - ""
- time: 2.35
  actions:
    - ""
- time: 2.36
  actions:
    - ""
- time: 2.37
  actions:
    - ""
- time: 2.38
  actions:
    - ""
- time: 2.39
  actions:
    - ""
- time: 2.40
  actions:
    - ""
- time: 2.41
  actions:
    - ""
- time: 2.42
  actions:
    - ""
- time: 2.43
  actions:
    - ""
- time: 2.44
  actions:
    - ""
- time: 2.45
  actions:
    - ""
- time: 2.46
  actions:
    - ""
- time: 2.47
  actions:
    - ""
- time: 2.48
  actions:
    - ""
- time: 2.49
  actions:
    - ""
- time: 2.50
  actions:
    - ""
- time: 2.51
  actions:
    - ""
- time: 2.52
  actions:
    - ""
- time: 2.53
  actions:
    - ""
- time: 2.54
  actions:
    - ""
- time: 2.55
  actions:
    - ""
- time: 2.56
  actions:
    - ""
- time: 2.57
  actions:
    - ""
- time: 2.58
  actions:
    - ""
- time: 2.59
  actions:
    - ""
- time: 2.60
  actions:
    - ""
- time: 2.61
  actions:
    - ""
- time: 2.62
  actions:
    - ""
- time: 2.63
  actions:
    - ""
- time: 2.64
  actions:
    - ""
- time: 2.65
  actions:
    - ""
- time: 2.66
  actions:
    - ""
- time: 2.67
  actions:
    - ""
- time: 2.68
  actions:
    - ""
- time: 2.69
  actions:
    - ""
- time: 2.70
  actions:
    - ""
- time: 2.71
  actions:
    - ""
- time: 2.72
  actions:
    - ""
- time: 2.73
  actions:
    - ""
- time: 2.74
  actions:
    - ""
- time: 2.75
  actions:
    - ""
- time: 2.76
  actions:
    - ""
- time: 2.77
  actions:
    - ""
- time: 2.78
  actions:
    - ""
- time: 2.79
  actions:
    - ""
- time: 2.80
  actions:
    - ""
- time: 2.81
  actions:
    - ""
- time: 2.82
  actions:
    - ""
- time: 2.83
  actions:
    - ""
- time: 2.84
  actions:
    - ""
- time: 2.85
  actions:
    - ""
- time: 2.86
  actions:
    - ""
- time: 2.87
  actions:
    - ""
- time: 2.88
  actions:
    - ""
- time: 2.89
  actions:
    - ""
- time: 2.90
  actions:
    - ""
- time: 2.91
  actions:
    - ""
- time: 2.92
  actions:
    - ""
- time: 2.93
  actions:
    - ""
- time: 2.94
  actions:
    - ""
- time: 2.95
  actions:
    - ""
- time: 2.96
  actions:
    - ""
- time: 2.97
  actions:
    - ""
- time: 2.98
  actions:
    - ""
- time: 2.99
  actions:
    - ""
